Fetching all Square customers...
  page 1: +100 (total 100)
  page 2: +100 (total 200)
  page 3: +100 (total 300)
  page 4: +100 (total 400)
  page 5: +100 (total 500)
  page 6: +100 (total 600)
  page 7: +100 (total 700)
  page 8: +100 (total 800)
  page 9: +100 (total 900)
  page 10: +100 (total 1000)
  page 11: +100 (total 1100)
  page 12: +100 (total 1200)
  page 13: +100 (total 1300)
  page 14: +100 (total 1400)
  page 15: +100 (total 1500)
  page 16: +100 (total 1600)
  page 17: +100 (total 1700)
  page 18: +100 (total 1800)
  page 19: +100 (total 1900)
  page 20: +100 (total 2000)
  page 21: +100 (total 2100)
  page 22: +100 (total 2200)
  page 23: +100 (total 2300)
  page 24: +100 (total 2400)
  page 25: +100 (total 2500)
  page 26: +100 (total 2600)
  page 27: +100 (total 2700)
  page 28: +54 (total 2754)
Total customers fetched: 2754
Name index built: 2291 usable entries, 114 skipped (corrupted names)
Saved to: /Users/genesis/Desktop/Oxyderm-Build/data/form_extraction/square_customers_cache.json
